// Jest Snapshot v1, https://goo.gl/fbAQLP

exports[`Behavior Cart render snapshot 1`] = `
[
  <View
    style={
      [
        {
          "alignItems": "center",
          "backgroundColor": "#ffffff",
          "flexDirection": "row",
          "height": 188,
          "justifyContent": "space-between",
          "paddingBottom": 0,
          "paddingLeft": 47,
          "paddingRight": 47,
          "paddingTop": "px",
          "width": "100%",
        },
      ]
    }
  >
    <View
      accessibilityState={
        {
          "busy": undefined,
          "checked": undefined,
          "disabled": undefined,
          "expanded": undefined,
          "selected": undefined,
        }
      }
      accessibilityValue={
        {
          "max": undefined,
          "min": undefined,
          "now": undefined,
          "text": undefined,
        }
      }
      accessible={true}
      collapsable={false}
      focusable={true}
      onBlur={[Function]}
      onClick={[Function]}
      onFocus={[Function]}
      onResponderGrant={[Function]}
      onResponderMove={[Function]}
      onResponderRelease={[Function]}
      onResponderTerminate={[Function]}
      onResponderTerminationRequest={[Function]}
      onStartShouldSetResponder={[Function]}
      style={
        [
          {
            "opacity": 1,
          },
        ]
      }
      testID="pressableHeader_testID"
    >
      <Icon
        color="#20252b"
        name="arrow-back-ios"
        size={22}
      />
    </View>
    <Text
      style={
        [
          {
            "color": "#000000",
            "fontFamily": "Roboto-Medium",
            "fontSize": 35,
          },
        ]
      }
    >
      Cart
    </Text>
    <View
      accessibilityState={
        {
          "busy": undefined,
          "checked": undefined,
          "disabled": undefined,
          "expanded": undefined,
          "selected": undefined,
        }
      }
      accessibilityValue={
        {
          "max": undefined,
          "min": undefined,
          "now": undefined,
          "text": undefined,
        }
      }
      accessible={true}
      collapsable={false}
      focusable={true}
      onBlur={[Function]}
      onClick={[Function]}
      onFocus={[Function]}
      onResponderGrant={[Function]}
      onResponderMove={[Function]}
      onResponderRelease={[Function]}
      onResponderTerminate={[Function]}
      onResponderTerminationRequest={[Function]}
      onStartShouldSetResponder={[Function]}
      style={
        [
          {
            "opacity": 1,
          },
        ]
      }
      testID="pressableCart_testID"
    >
      <Icon
        color="#01ad0b"
        name="shopping-cart"
        size={28}
      />
      <View
        style={
          [
            {
              "alignItems": "center",
              "backgroundColor": "#ff7b00",
              "borderRadius": 20,
              "height": 35,
              "justifyContent": "center",
              "marginLeft": 31,
              "marginTop": -16,
              "position": "absolute",
              "width": 35,
            },
          ]
        }
      >
        <Text
          style={
            [
              {
                "color": "#000000",
                "fontFamily": "Roboto-Regular",
                "fontSize": 27,
              },
            ]
          }
          testID="amountCart_testID"
        >
          2
        </Text>
      </View>
    </View>
  </View>,
  <View
    style={
      [
        {
          "backgroundColor": "#eff4f8",
          "flexBasis": 0,
          "flexGrow": 1,
          "flexShrink": 1,
          "paddingBottom": 32,
          "paddingLeft": 24,
          "paddingRight": 24,
          "paddingTop": 0,
        },
      ]
    }
  >
    <RCTScrollView
      data={
        [
          {
            "id": "T1",
            "price": 118.8,
            "thumbnail": "https://res.cloudinary.com/dunz5zfpt/fl_progressive/f_auto,c_limit,w_256,q_auto/site-ton/t1-1",
            "title": "T1 Brother",
          },
          {
            "id": "T1_CHIP",
            "price": 190.8,
            "thumbnail": "https://res.cloudinary.com/dunz5zfpt/fl_progressive/f_auto,c_limit,w_256,q_auto/site-ton/t1-chip-1",
            "title": "T1 Chip Brother",
          },
        ]
      }
      getItem={[Function]}
      getItemCount={[Function]}
      keyExtractor={[Function]}
      onContentSizeChange={[Function]}
      onLayout={[Function]}
      onMomentumScrollBegin={[Function]}
      onMomentumScrollEnd={[Function]}
      onScroll={[Function]}
      onScrollBeginDrag={[Function]}
      onScrollEndDrag={[Function]}
      removeClippedSubviews={false}
      renderItem={[Function]}
      scrollEventThrottle={50}
      stickyHeaderIndices={[]}
      viewabilityConfigCallbackPairs={[]}
    >
      <View>
        <View
          onFocusCapture={[Function]}
          onLayout={[Function]}
          style={null}
        >
          <View
            style={
              [
                {
                  "alignItems": "center",
                  "backgroundColor": "#ffffff",
                  "borderRadius": 31,
                  "flexDirection": "row",
                  "height": 188,
                  "justifyContent": "space-between",
                  "marginTop": 63,
                  "paddingBottom": 31,
                  "paddingLeft": 31,
                  "paddingRight": 31,
                  "paddingTop": 31,
                  "width": "100%",
                },
              ]
            }
          >
            <View
              style={
                [
                  {
                    "alignItems": "center",
                    "flexDirection": "row",
                    "justifyContent": "flex-start",
                  },
                ]
              }
            >
              <Image
                resizeMode="contain"
                source={
                  {
                    "uri": "https://res.cloudinary.com/dunz5zfpt/fl_progressive/f_auto,c_limit,w_256,q_auto/site-ton/t1-1",
                  }
                }
                style={
                  [
                    {
                      "height": 126,
                      "width": 126,
                    },
                  ]
                }
              />
              <Text
                style={
                  [
                    {
                      "color": "#20252b",
                      "fontFamily": "Roboto-Medium",
                      "fontSize": 31,
                    },
                  ]
                }
              >
                T1 Brother
              </Text>
            </View>
            <View
              accessibilityState={
                {
                  "busy": undefined,
                  "checked": undefined,
                  "disabled": undefined,
                  "expanded": undefined,
                  "selected": undefined,
                }
              }
              accessibilityValue={
                {
                  "max": undefined,
                  "min": undefined,
                  "now": undefined,
                  "text": undefined,
                }
              }
              accessible={true}
              collapsable={false}
              focusable={true}
              onBlur={[Function]}
              onClick={[Function]}
              onFocus={[Function]}
              onResponderGrant={[Function]}
              onResponderMove={[Function]}
              onResponderRelease={[Function]}
              onResponderTerminate={[Function]}
              onResponderTerminationRequest={[Function]}
              onStartShouldSetResponder={[Function]}
              style={
                [
                  {
                    "opacity": 1,
                  },
                ]
              }
              testID="pressableItemCart_testID"
            >
              <Icon
                color="#ed5e69"
                name="highlight-remove"
                size={28}
              />
            </View>
          </View>
        </View>
        <View
          onFocusCapture={[Function]}
          onLayout={[Function]}
          style={null}
        >
          <View
            style={
              [
                {
                  "alignItems": "center",
                  "backgroundColor": "#ffffff",
                  "borderRadius": 31,
                  "flexDirection": "row",
                  "height": 188,
                  "justifyContent": "space-between",
                  "marginTop": 63,
                  "paddingBottom": 31,
                  "paddingLeft": 31,
                  "paddingRight": 31,
                  "paddingTop": 31,
                  "width": "100%",
                },
              ]
            }
          >
            <View
              style={
                [
                  {
                    "alignItems": "center",
                    "flexDirection": "row",
                    "justifyContent": "flex-start",
                  },
                ]
              }
            >
              <Image
                resizeMode="contain"
                source={
                  {
                    "uri": "https://res.cloudinary.com/dunz5zfpt/fl_progressive/f_auto,c_limit,w_256,q_auto/site-ton/t1-chip-1",
                  }
                }
                style={
                  [
                    {
                      "height": 126,
                      "width": 126,
                    },
                  ]
                }
              />
              <Text
                style={
                  [
                    {
                      "color": "#20252b",
                      "fontFamily": "Roboto-Medium",
                      "fontSize": 31,
                    },
                  ]
                }
              >
                T1 Chip Brother
              </Text>
            </View>
            <View
              accessibilityState={
                {
                  "busy": undefined,
                  "checked": undefined,
                  "disabled": undefined,
                  "expanded": undefined,
                  "selected": undefined,
                }
              }
              accessibilityValue={
                {
                  "max": undefined,
                  "min": undefined,
                  "now": undefined,
                  "text": undefined,
                }
              }
              accessible={true}
              collapsable={false}
              focusable={true}
              onBlur={[Function]}
              onClick={[Function]}
              onFocus={[Function]}
              onResponderGrant={[Function]}
              onResponderMove={[Function]}
              onResponderRelease={[Function]}
              onResponderTerminate={[Function]}
              onResponderTerminationRequest={[Function]}
              onStartShouldSetResponder={[Function]}
              style={
                [
                  {
                    "opacity": 1,
                  },
                ]
              }
              testID="pressableItemCart_testID"
            >
              <Icon
                color="#ed5e69"
                name="highlight-remove"
                size={28}
              />
            </View>
          </View>
        </View>
      </View>
    </RCTScrollView>
  </View>,
]
`;
