// Jest Snapshot v1, https://goo.gl/fbAQLP

exports[`Behavior ItemCart render snapshot 1`] = `
<View
  style={
    [
      {
        "alignItems": "center",
        "backgroundColor": "#ffffff",
        "borderRadius": 31,
        "flexDirection": "row",
        "height": 188,
        "justifyContent": "space-between",
        "marginTop": 63,
        "paddingBottom": 31,
        "paddingLeft": 31,
        "paddingRight": 31,
        "paddingTop": 31,
        "width": "100%",
      },
    ]
  }
>
  <View
    style={
      [
        {
          "alignItems": "center",
          "flexDirection": "row",
          "justifyContent": "flex-start",
        },
      ]
    }
  >
    <Image
      resizeMode="contain"
      source={
        {
          "uri": "https://res.cloudinary.com/dunz5zfpt/fl_progressive/f_auto,c_limit,w_256,q_auto/site-ton/t1-1",
        }
      }
      style={
        [
          {
            "height": 126,
            "width": 126,
          },
        ]
      }
    />
    <Text
      style={
        [
          {
            "color": "#20252b",
            "fontFamily": "Roboto-Medium",
            "fontSize": 31,
          },
        ]
      }
    >
      T1 Brother
    </Text>
  </View>
  <View
    accessibilityState={
      {
        "busy": undefined,
        "checked": undefined,
        "disabled": undefined,
        "expanded": undefined,
        "selected": undefined,
      }
    }
    accessibilityValue={
      {
        "max": undefined,
        "min": undefined,
        "now": undefined,
        "text": undefined,
      }
    }
    accessible={true}
    collapsable={false}
    focusable={true}
    onBlur={[Function]}
    onClick={[Function]}
    onFocus={[Function]}
    onResponderGrant={[Function]}
    onResponderMove={[Function]}
    onResponderRelease={[Function]}
    onResponderTerminate={[Function]}
    onResponderTerminationRequest={[Function]}
    onStartShouldSetResponder={[Function]}
    style={
      [
        {
          "opacity": 1,
        },
      ]
    }
    testID="pressableItemCart_testID"
  >
    <Icon
      color="#ed5e69"
      name="highlight-remove"
      size={28}
    />
  </View>
</View>
`;
