// Jest Snapshot v1, https://goo.gl/fbAQLP

exports[`Behavior Header render snapshot 1`] = `
<View
  style={
    [
      {
        "alignItems": "center",
        "backgroundColor": "#ffffff",
        "flexDirection": "row",
        "height": 188,
        "justifyContent": "space-between",
        "paddingBottom": 0,
        "paddingLeft": 47,
        "paddingRight": 47,
        "paddingTop": "px",
        "width": "100%",
      },
    ]
  }
>
  <View
    style={
      [
        {
          "height": 51,
          "width": 51,
        },
      ]
    }
  />
  <Text
    style={
      [
        {
          "color": "#000000",
          "fontFamily": "Roboto-Medium",
          "fontSize": 35,
        },
      ]
    }
  >
    Header
  </Text>
  <View
    accessibilityState={
      {
        "busy": undefined,
        "checked": undefined,
        "disabled": undefined,
        "expanded": undefined,
        "selected": undefined,
      }
    }
    accessibilityValue={
      {
        "max": undefined,
        "min": undefined,
        "now": undefined,
        "text": undefined,
      }
    }
    accessible={true}
    collapsable={false}
    focusable={true}
    onBlur={[Function]}
    onClick={[Function]}
    onFocus={[Function]}
    onResponderGrant={[Function]}
    onResponderMove={[Function]}
    onResponderRelease={[Function]}
    onResponderTerminate={[Function]}
    onResponderTerminationRequest={[Function]}
    onStartShouldSetResponder={[Function]}
    style={
      [
        {
          "opacity": 1,
        },
      ]
    }
  >
    <Icon
      color="#01ad0b"
      name="shopping-cart"
      size={28}
    />
    <View
      style={
        [
          {
            "alignItems": "center",
            "backgroundColor": "#ff7b00",
            "borderRadius": 20,
            "height": 35,
            "justifyContent": "center",
            "marginLeft": 31,
            "marginTop": -16,
            "position": "absolute",
            "width": 35,
          },
        ]
      }
    >
      <Text
        style={
          [
            {
              "color": "#000000",
              "fontFamily": "Roboto-Regular",
              "fontSize": 27,
            },
          ]
        }
        testID="amountCart_testID"
      >
        2
      </Text>
    </View>
  </View>
</View>
`;
